11:28:12 [INFO] Starting VM
11:28:12 [DEBUG] (1) commutative_diagrams_engine_lib::remote::rpc: Sending message: [0,0,"goal",null]
11:28:12 [DEBUG] (1) commutative_diagrams_engine_lib::remote::rpc: Received Response message (id: 0): [1,0,null,[[[11,2],[12,2],[5,2],[4,2]],[[0,1,13],[0,2,17],[1,2,15],[3,1,19],[3,0,21]],[[3,2,[1,1],[0,0],9]]]]
11:28:12 [DEBUG] (1) commutative_diagrams_engine_lib::remote::rpc: Sending message: [0,1,"info",[0,13]]
11:28:12 [DEBUG] (1) commutative_diagrams_engine_lib::remote::rpc: Received Response message (id: 1): [1,1,null,["m5","m5",1]]
11:28:12 [DEBUG] (1) commutative_diagrams_engine_lib::remote::rpc: Sending message: [0,2,"query",[0,13,"identity"]]
11:28:12 [DEBUG] (1) commutative_diagrams_engine_lib::remote::rpc: Received Response message (id: 2): [1,2,null,[]]
11:28:12 [DEBUG] (1) commutative_diagrams_engine_lib::remote::rpc: Sending message: [0,3,"query",[0,13,"compose_mph"]]
11:28:12 [DEBUG] (1) commutative_diagrams_engine_lib::remote::rpc: Received Response message (id: 3): [1,3,null,[]]
11:28:12 [DEBUG] (1) commutative_diagrams_engine_lib::remote::rpc: Sending message: [0,4,"query",[0,13,"applied_funct_mph"]]
11:28:12 [DEBUG] (1) commutative_diagrams_engine_lib::remote::rpc: Received Response message (id: 4): [1,4,null,[]]
11:28:12 [DEBUG] (1) commutative_diagrams_engine_lib::remote::rpc: Sending message: [0,5,"build",[0,["reflexivity",2,11,12,13]]]
11:28:12 [DEBUG] (1) commutative_diagrams_engine_lib::remote::rpc: Received Response message (id: 5): [1,5,null,22]
11:28:12 [DEBUG] (1) commutative_diagrams_engine_lib::remote::rpc: Sending message: [0,6,"info",[0,17]]
11:28:12 [DEBUG] (1) commutative_diagrams_engine_lib::remote::rpc: Received Response message (id: 6): [1,6,null,["m3","m3",1]]
11:28:12 [DEBUG] (1) commutative_diagrams_engine_lib::remote::rpc: Sending message: [0,7,"query",[0,17,"identity"]]
11:28:12 [DEBUG] (1) commutative_diagrams_engine_lib::remote::rpc: Received Response message (id: 7): [1,7,null,[]]
11:28:12 [DEBUG] (1) commutative_diagrams_engine_lib::remote::rpc: Sending message: [0,8,"query",[0,17,"compose_mph"]]
11:28:12 [DEBUG] (1) commutative_diagrams_engine_lib::remote::rpc: Received Response message (id: 8): [1,8,null,[]]
11:28:12 [DEBUG] (1) commutative_diagrams_engine_lib::remote::rpc: Sending message: [0,9,"query",[0,17,"applied_funct_mph"]]
11:28:12 [DEBUG] (1) commutative_diagrams_engine_lib::remote::rpc: Received Response message (id: 9): [1,9,null,[]]
11:28:12 [DEBUG] (1) commutative_diagrams_engine_lib::remote::rpc: Sending message: [0,10,"build",[0,["reflexivity",2,11,5,17]]]
11:28:12 [DEBUG] (1) commutative_diagrams_engine_lib::remote::rpc: Received Response message (id: 10): [1,10,null,23]
11:28:12 [DEBUG] (1) commutative_diagrams_engine_lib::remote::rpc: Sending message: [0,11,"info",[0,15]]
11:28:12 [DEBUG] (1) commutative_diagrams_engine_lib::remote::rpc: Received Response message (id: 11): [1,11,null,["m4","m4",1]]
11:28:12 [DEBUG] (1) commutative_diagrams_engine_lib::remote::rpc: Sending message: [0,12,"query",[0,15,"identity"]]
11:28:12 [DEBUG] (1) commutative_diagrams_engine_lib::remote::rpc: Received Response message (id: 12): [1,12,null,[]]
11:28:12 [DEBUG] (1) commutative_diagrams_engine_lib::remote::rpc: Sending message: [0,13,"query",[0,15,"compose_mph"]]
11:28:12 [DEBUG] (1) commutative_diagrams_engine_lib::remote::rpc: Received Response message (id: 13): [1,13,null,[]]
11:28:12 [DEBUG] (1) commutative_diagrams_engine_lib::remote::rpc: Sending message: [0,14,"query",[0,15,"applied_funct_mph"]]
11:28:12 [DEBUG] (1) commutative_diagrams_engine_lib::remote::rpc: Received Response message (id: 14): [1,14,null,[]]
11:28:12 [DEBUG] (1) commutative_diagrams_engine_lib::remote::rpc: Sending message: [0,15,"build",[0,["reflexivity",2,12,5,15]]]
11:28:12 [DEBUG] (1) commutative_diagrams_engine_lib::remote::rpc: Received Response message (id: 15): [1,15,null,24]
11:28:12 [DEBUG] (1) commutative_diagrams_engine_lib::remote::rpc: Sending message: [0,16,"info",[0,19]]
11:28:12 [DEBUG] (1) commutative_diagrams_engine_lib::remote::rpc: Received Response message (id: 16): [1,16,null,["m2","m2",1]]
11:28:12 [DEBUG] (1) commutative_diagrams_engine_lib::remote::rpc: Sending message: [0,17,"query",[0,19,"identity"]]
11:28:12 [DEBUG] (1) commutative_diagrams_engine_lib::remote::rpc: Received Response message (id: 17): [1,17,null,[]]
11:28:12 [DEBUG] (1) commutative_diagrams_engine_lib::remote::rpc: Sending message: [0,18,"query",[0,19,"compose_mph"]]
11:28:12 [DEBUG] (1) commutative_diagrams_engine_lib::remote::rpc: Received Response message (id: 18): [1,18,null,[]]
11:28:12 [DEBUG] (1) commutative_diagrams_engine_lib::remote::rpc: Sending message: [0,19,"query",[0,19,"applied_funct_mph"]]
11:28:12 [DEBUG] (1) commutative_diagrams_engine_lib::remote::rpc: Received Response message (id: 19): [1,19,null,[]]
11:28:12 [DEBUG] (1) commutative_diagrams_engine_lib::remote::rpc: Sending message: [0,20,"build",[0,["reflexivity",2,4,12,19]]]
11:28:12 [DEBUG] (1) commutative_diagrams_engine_lib::remote::rpc: Received Response message (id: 20): [1,20,null,25]
11:28:12 [DEBUG] (1) commutative_diagrams_engine_lib::remote::rpc: Sending message: [0,21,"info",[0,21]]
11:28:12 [DEBUG] (1) commutative_diagrams_engine_lib::remote::rpc: Received Response message (id: 21): [1,21,null,["m1","m1",1]]
11:28:12 [DEBUG] (1) commutative_diagrams_engine_lib::remote::rpc: Sending message: [0,22,"query",[0,21,"identity"]]
11:28:12 [DEBUG] (1) commutative_diagrams_engine_lib::remote::rpc: Received Response message (id: 22): [1,22,null,[]]
11:28:12 [DEBUG] (1) commutative_diagrams_engine_lib::remote::rpc: Sending message: [0,23,"query",[0,21,"compose_mph"]]
11:28:12 [DEBUG] (1) commutative_diagrams_engine_lib::remote::rpc: Received Response message (id: 23): [1,23,null,[]]
11:28:12 [DEBUG] (1) commutative_diagrams_engine_lib::remote::rpc: Sending message: [0,24,"query",[0,21,"applied_funct_mph"]]
11:28:12 [DEBUG] (1) commutative_diagrams_engine_lib::remote::rpc: Received Response message (id: 24): [1,24,null,[]]
11:28:12 [DEBUG] (1) commutative_diagrams_engine_lib::remote::rpc: Sending message: [0,25,"build",[0,["reflexivity",2,4,11,21]]]
11:28:12 [DEBUG] (1) commutative_diagrams_engine_lib::remote::rpc: Received Response message (id: 25): [1,25,null,26]
11:28:12 [DEBUG] (1) commutative_diagrams_engine_lib::remote::rpc: Sending message: [0,26,"lemmas",null]
11:28:12 [DEBUG] (1) commutative_diagrams_engine_lib::remote::rpc: Received Response message (id: 26): [1,26,null,[[1,"m",[]],[2,"u",[]],[3,"split_essentially_surjective_inv_on_obj",["UniMath","CategoryTheory","Core","Functors"]],[4,"functor_on_objects",["UniMath","CategoryTheory","Core","Functors"]],[5,"compose_eq",["CommutativeDiagrams","Loader"]],[6,"fully_faithful_inv_hom",["UniMath","CategoryTheory","Core","Functors"]],[7,"z_iso_after_z_iso_inv",["UniMath","CategoryTheory","Core","Isos"]],[8,"identity",["UniMath","CategoryTheory","Core","Categories"]],[9,"transport_mor_funextfun",["UniMath","CategoryTheory","Core","TransportMorphisms"]],[10,"transportf_isotoid",["UniMath","CategoryTheory","Core","Univalence"]],[11,"post_comp_with_iso_is_inj",["UniMath","CategoryTheory","Core","Isos"]],[12,"faithful_reflects_commutative_triangle",["UniMath","CategoryTheory","Core","Functors"]],[13,"id_right",["UniMath","CategoryTheory","Core","Categories"]],[14,"transport_source_target_comm",["UniMath","CategoryTheory","Core","TransportMorphisms"]],[15,"assoc",["UniMath","CategoryTheory","Core","Categories"]],[16,"z_iso_inv_on_left",["UniMath","CategoryTheory","Core","Isos"]],[17,"z_iso_inv_after_z_iso",["UniMath","CategoryTheory","Core","Isos"]],[18,"remove_id_left",["UniMath","CategoryTheory","Core","Categories"]],[19,"left_inverse_of_iso_is_inverse",["UniMath","CategoryTheory","Core","Isos"]],[20,"idtomor_inv",["UniMath","CategoryTheory","Core","Categories"]],[21,"pr1_maponpaths_idtoiso",["UniMath","CategoryTheory","Core","Functors"]],[22,"transport_target_source",["UniMath","CategoryTheory","Core","TransportMorphisms"]],[23,"pre_comp_with_iso_is_inj",["UniMath","CategoryTheory","Core","Isos"]],[24,"transport_target_path",["UniMath","CategoryTheory","Core","TransportMorphisms"]],[25,"is_z_isomorphism_mor",["UniMath","CategoryTheory","Core","Isos"]],[26,"weq_ff_functor_on_weq_isobandf_compute",["UniMath","CategoryTheory","Core","Functors"]],[27,"cancel_precomposition_z_iso",["UniMath","CategoryTheory","Core","Isos"]],[28,"idtomor",["UniMath","CategoryTheory","Core","Categories"]],[29,"fully_faithful_inv_identity",["UniMath","CategoryTheory","Core","Functors"]],[30,"transport_compose",["UniMath","CategoryTheory","Core","TransportMorphisms"]],[31,"id_left",["UniMath","CategoryTheory","Core","Categories"]],[32,"iso_inv_to_right",["UniMath","CategoryTheory","Core","Isos"]],[33,"idtoiso_precompose",["UniMath","CategoryTheory","Core","Univalence"]],[34,"cancel_postcomposition",["UniMath","CategoryTheory","Core","Categories"]],[35,"idtoiso_postcompose",["UniMath","CategoryTheory","Core","Univalence"]],[36,"right_inverse_of_iso_is_inverse",["UniMath","CategoryTheory","Core","Isos"]],[37,"functor_comp_id",["UniMath","CategoryTheory","Core","Functors"]],[38,"remove_id_right",["UniMath","CategoryTheory","Core","Categories"]],[39,"functor_id_id",["UniMath","CategoryTheory","Core","Functors"]],[40,"transportb_isotoid",["UniMath","CategoryTheory","Core","Univalence"]],[41,"transport_source_path",["UniMath","CategoryTheory","Core","TransportMorphisms"]],[42,"transportf_functor_isotoid",["UniMath","CategoryTheory","Core","Functors"]],[43,"idtoiso_functor_precompose'",["UniMath","CategoryTheory","Core","Functors"]],[44,"double_transport_idtoiso",["UniMath","CategoryTheory","Core","Univalence"]],[45,"is_z_isomorphism_path_subproof",["UniMath","CategoryTheory","Core","Isos"]],[46,"is_z_isomorphism_mor_eq",["UniMath","CategoryTheory","Core","Isos"]],[47,"fully_faithful_inv_hom_is_inv",["UniMath","CategoryTheory","Core","Functors"]],[48,"postcomp_with",["UniMath","CategoryTheory","Core","Isos"]],[49,"pre_comp_with_z_iso_is_inj",["UniMath","CategoryTheory","Core","Isos"]],[50,"iso_inv_after_iso",["UniMath","CategoryTheory","Core","Isos"]],[51,"functor_on_fully_faithful_inv_hom",["UniMath","CategoryTheory","Core","Functors"]],[52,"postcompose",["UniMath","CategoryTheory","Core","Categories"]],[53,"iso_inv_on_right",["UniMath","CategoryTheory","Core","Isos"]],[54,"compose",["UniMath","CategoryTheory","Core","Categories"]],[55,"functor_id",["UniMath","CategoryTheory","Core","Functors"]],[56,"pre_comp_with_z_iso_is_inj'",["UniMath","CategoryTheory","Core","Isos"]],[57,"transportf_isotoid'",["UniMath","CategoryTheory","Core","Univalence"]],[58,"id_conjugation",["UniMath","CategoryTheory","Core","Categories"]],[59,"functor_on_inv_from_z_iso'",["UniMath","CategoryTheory","Core","Functors"]],[60,"transport_source_funextfun",["UniMath","CategoryTheory","Core","TransportMorphisms"]],[61,"z_iso_inv_to_right",["UniMath","CategoryTheory","Core","Isos"]],[62,"is_z_isomorphism_path_subproof0",["UniMath","CategoryTheory","Core","Isos"]],[63,"transport_source_target",["UniMath","CategoryTheory","Core","TransportMorphisms"]],[64,"iso_inv_to_left",["UniMath","CategoryTheory","Core","Isos"]],[65,"morphism_from_z_iso",["UniMath","CategoryTheory","Core","Isos"]],[66,"constant_functor",["UniMath","CategoryTheory","Core","Functors"]],[67,"post_comp_with_z_iso_is_inj",["UniMath","CategoryTheory","Core","Isos"]],[68,"functor_comp",["UniMath","CategoryTheory","Core","Functors"]],[69,"inverse_unique_precat",["UniMath","CategoryTheory","Core","Isos"]],[70,"inv_from_iso",["UniMath","CategoryTheory","Core","Isos"]],[71,"functor_on_inv_from_iso'",["UniMath","CategoryTheory","Core","Functors"]],[72,"morphism_from_iso",["UniMath","CategoryTheory","Core","Isos"]],[73,"post_comp_with_z_iso_inv_is_inj",["UniMath","CategoryTheory","Core","Isos"]],[74,"cancel_precomposition",["UniMath","CategoryTheory","Core","Categories"]],[75,"wrap_inverse'",["UniMath","CategoryTheory","Core","Isos"]],[76,"pr1_idtoiso_concat",["UniMath","CategoryTheory","Core","Univalence"]],[77,"double_transport",["UniMath","CategoryTheory","Core","Univalence"]],[78,"weq_ff_functor_on_iso_compute",["UniMath","CategoryTheory","Core","Functors"]],[79,"transport_compose'",["UniMath","CategoryTheory","Core","TransportMorphisms"]],[80,"inv_iso_unique'",["UniMath","CategoryTheory","Core","Isos"]],[81,"z_iso_inv_on_right",["UniMath","CategoryTheory","Core","Isos"]],[82,"r_ap",["CommutativeDiagrams","Loader"]],[83,"l_ap",["CommutativeDiagrams","Loader"]],[84,"is_inverse_in_precat2",["UniMath","CategoryTheory","Core","Isos"]],[85,"is_inverse_in_precat1",["UniMath","CategoryTheory","Core","Isos"]],[86,"functor_on_morphisms",["UniMath","CategoryTheory","Core","Functors"]],[87,"fully_faithful_inv_comp",["UniMath","CategoryTheory","Core","Functors"]],[88,"z_iso_mor",["UniMath","CategoryTheory","Core","Isos"]],[89,"cancel_z_iso",["UniMath","CategoryTheory","Core","Isos"]],[90,"cancel_precomposition_iso",["UniMath","CategoryTheory","Core","Isos"]],[91,"inv_z_iso_unique'",["UniMath","CategoryTheory","Core","Isos"]],[92,"iso_inv_on_left",["UniMath","CategoryTheory","Core","Isos"]],[93,"transportf_functor_isotoid'",["UniMath","CategoryTheory","Core","Functors"]],[94,"transport_source_precompose",["UniMath","CategoryTheory","Core","TransportMorphisms"]],[95,"transport_target_postcompose",["UniMath","CategoryTheory","Core","TransportMorphisms"]],[96,"assoc4",["UniMath","CategoryTheory","Core","Categories"]],[97,"assoc'",["UniMath","CategoryTheory","Core","Categories"]],[98,"idtoiso_functor_precompose",["UniMath","CategoryTheory","Core","Functors"]],[99,"pre_comp_with_z_iso_inv_is_inj",["UniMath","CategoryTheory","Core","Isos"]],[100,"inv_from_z_iso",["UniMath","CategoryTheory","Core","Isos"]],[101,"cancel_z_iso'",["UniMath","CategoryTheory","Core","Isos"]],[102,"cancel_postcomposition_iso",["UniMath","CategoryTheory","Core","Isos"]],[103,"z_iso_inv_to_left",["UniMath","CategoryTheory","Core","Isos"]],[104,"maponpaths_compose",["UniMath","CategoryTheory","Core","Categories"]],[105,"wrap_inverse",["UniMath","CategoryTheory","Core","Isos"]],[106,"iso_after_iso_inv",["UniMath","CategoryTheory","Core","Isos"]],[107,"transport_target_funextfun",["UniMath","CategoryTheory","Core","TransportMorphisms"]],[108,"funct_ctx",["CommutativeDiagrams","Loader"]],[109,"functor_on_inv_from_z_iso",["UniMath","CategoryTheory","Core","Functors"]],[110,"eq_idtoiso_idtomor",["UniMath","CategoryTheory","Core","Univalence"]],[111,"precomp_with",["UniMath","CategoryTheory","Core","Isos"]]]]
11:28:12 [DEBUG] (1) commutative_diagrams_engine_lib::remote::rpc: Sending message: [0,27,"save_state",null]
11:28:12 [DEBUG] (1) commutative_diagrams_engine_lib::remote::rpc: Received Response message (id: 27): [1,27,null,0]
11:28:12 [DEBUG] (1) commutative_diagrams_engine_lib::remote::rpc: Sending message: [0,28,"info",[0,11]]
11:28:12 [DEBUG] (1) commutative_diagrams_engine_lib::remote::rpc: Received Response message (id: 28): [1,28,null,["x","x",1]]
11:28:12 [DEBUG] (1) commutative_diagrams_engine_lib::remote::rpc: Sending message: [0,29,"info",[0,12]]
11:28:12 [DEBUG] (1) commutative_diagrams_engine_lib::remote::rpc: Received Response message (id: 29): [1,29,null,["y","y",1]]
11:28:12 [DEBUG] (1) commutative_diagrams_engine_lib::remote::rpc: Sending message: [0,30,"info",[0,5]]
11:28:12 [DEBUG] (1) commutative_diagrams_engine_lib::remote::rpc: Received Response message (id: 30): [1,30,null,["z","z",1]]
11:28:12 [DEBUG] (1) commutative_diagrams_engine_lib::remote::rpc: Sending message: [0,31,"info",[0,4]]
11:28:12 [DEBUG] (1) commutative_diagrams_engine_lib::remote::rpc: Received Response message (id: 31): [1,31,null,["w","w",1]]
11:28:12 [DEBUG] (1) commutative_diagrams_engine_lib::remote::rpc: Sending message: [0,32,"info",[0,13]]
11:28:12 [DEBUG] (1) commutative_diagrams_engine_lib::remote::rpc: Received Response message (id: 32): [1,32,null,["m5","m5",1]]
11:28:12 [DEBUG] (1) commutative_diagrams_engine_lib::remote::rpc: Sending message: [0,33,"info",[0,17]]
11:28:12 [DEBUG] (1) commutative_diagrams_engine_lib::remote::rpc: Received Response message (id: 33): [1,33,null,["m3","m3",1]]
11:28:12 [DEBUG] (1) commutative_diagrams_engine_lib::remote::rpc: Sending message: [0,34,"info",[0,15]]
11:28:12 [DEBUG] (1) commutative_diagrams_engine_lib::remote::rpc: Received Response message (id: 34): [1,34,null,["m4","m4",1]]
11:28:12 [DEBUG] (1) commutative_diagrams_engine_lib::remote::rpc: Sending message: [0,35,"info",[0,19]]
11:28:12 [DEBUG] (1) commutative_diagrams_engine_lib::remote::rpc: Received Response message (id: 35): [1,35,null,["m2","m2",1]]
11:28:12 [DEBUG] (1) commutative_diagrams_engine_lib::remote::rpc: Sending message: [0,36,"info",[0,21]]
11:28:12 [DEBUG] (1) commutative_diagrams_engine_lib::remote::rpc: Received Response message (id: 36): [1,36,null,["m1","m1",1]]
11:28:12 [DEBUG] (1) commutative_diagrams_engine_lib::remote::rpc: Sending message: [0,37,"info",[0,9]]
11:28:12 [DEBUG] (1) commutative_diagrams_engine_lib::remote::rpc: Received Response message (id: 37): [1,37,null,["?p","Goal",0]]
11:28:12 [INFO] Reading code from file
11:28:12 [INFO] Running the ui
